// Jest Snapshot v1, https://goo.gl/fbAQLP

exports[`App Component renders the App component and its elements 1`] = `
<div>
  <directionallight
    intensity="5"
    position="4.49,4.49,3.44"
  />
  <primitive />
  <mesh
    position="-0.5827328389883091,-2.101486145820572,-0.675403737392994"
  >
    <meshstandardmaterial
      color="white"
      emissive="white"
      emissiveintensity="1"
    />
  </mesh>
  <pointlight
    color="white"
    decay="2"
    distance="2"
    intensity="2.5"
  />
  <mesh
    position="-1.1526619229112862,-2.6307258211277746,0.03594499992407574"
  >
    <meshstandardmaterial
      color="white"
      emissive="white"
      emissiveintensity="1"
    />
  </mesh>
  <pointlight
    color="white"
    decay="2"
    distance="2"
    intensity="2.5"
  />
  <mesh
    position="2.828942046567257,2.568252173270125,2.435636721915965"
  >
    <meshstandardmaterial
      color="white"
      emissive="white"
      emissiveintensity="1"
    />
  </mesh>
  <pointlight
    color="white"
    decay="2"
    distance="2"
    intensity="2.5"
  />
  <mesh
    position="0.8188514665363531,-0.09087840408793735,1.0435977794612108"
  >
    <meshstandardmaterial
      color="white"
      emissive="white"
      emissiveintensity="1"
    />
  </mesh>
  <pointlight
    color="white"
    decay="2"
    distance="2"
    intensity="2.5"
  />
  <mesh
    position="-2.8785311824517055,1.1782233696347562,-1.5709701453111498"
  >
    <meshstandardmaterial
      color="white"
      emissive="white"
      emissiveintensity="1"
    />
  </mesh>
  <pointlight
    color="white"
    decay="2"
    distance="2"
    intensity="2.5"
  />
  <mesh
    position="0.542440991855826,1.4708905092496969,2.3123250919549156"
  >
    <meshstandardmaterial
      color="white"
      emissive="white"
      emissiveintensity="1"
    />
  </mesh>
  <pointlight
    color="white"
    decay="2"
    distance="2"
    intensity="2.5"
  />
  <mesh
    position="2.684293493864188,-1.0145374069559443,-1.8972962836591831"
  >
    <meshstandardmaterial
      color="white"
      emissive="white"
      emissiveintensity="1"
    />
  </mesh>
  <pointlight
    color="white"
    decay="2"
    distance="2"
    intensity="2.5"
  />
  <mesh
    position="1.341694335506284,2.0349729203837397,-0.4735751036044653"
  >
    <meshstandardmaterial
      color="white"
      emissive="white"
      emissiveintensity="1"
    />
  </mesh>
  <pointlight
    color="white"
    decay="2"
    distance="2"
    intensity="2.5"
  />
  <mesh
    position="-2.4726835670961718,0.6722504320328597,2.77571474596725"
  >
    <meshstandardmaterial
      color="white"
      emissive="white"
      emissiveintensity="1"
    />
  </mesh>
  <pointlight
    color="white"
    decay="2"
    distance="2"
    intensity="2.5"
  />
  <mesh
    position="0.5523861157948122,0.015024452793205967,-1.0303006677445774"
  >
    <meshstandardmaterial
      color="white"
      emissive="white"
      emissiveintensity="1"
    />
  </mesh>
  <pointlight
    color="white"
    decay="2"
    distance="2"
    intensity="2.5"
  />
  <mesh
    position="1.365428850888705,-1.1103545095642766,-0.3407473983126472"
  >
    <meshstandardmaterial
      color="white"
      emissive="white"
      emissiveintensity="1"
    />
  </mesh>
  <pointlight
    color="white"
    decay="2"
    distance="2"
    intensity="2.5"
  />
  <mesh
    position="-1.1932259532225276,1.5583967170131898,-2.8506141643785865"
  >
    <meshstandardmaterial
      color="white"
      emissive="white"
      emissiveintensity="1"
    />
  </mesh>
  <pointlight
    color="white"
    decay="2"
    distance="2"
    intensity="2.5"
  />
  <mesh
    position="0.35932656172125155,-0.4045210376931303,1.4941601999856218"
  >
    <meshstandardmaterial
      color="white"
      emissive="white"
      emissiveintensity="1"
    />
  </mesh>
  <pointlight
    color="white"
    decay="2"
    distance="2"
    intensity="2.5"
  />
  <mesh
    position="-2.587540554520917,-2.735347740417753,0.7547922089346786"
  >
    <meshstandardmaterial
      color="white"
      emissive="white"
      emissiveintensity="1"
    />
  </mesh>
  <pointlight
    color="white"
    decay="2"
    distance="2"
    intensity="2.5"
  />
  <mesh
    position="-2.072141623828484,2.182642549725452,2.5572238629965676"
  >
    <meshstandardmaterial
      color="white"
      emissive="white"
      emissiveintensity="1"
    />
  </mesh>
  <pointlight
    color="white"
    decay="2"
    distance="2"
    intensity="2.5"
  />
  <mesh
    position="-1.5226566843492693,1.2732753405157418,1.8858842957162594"
  >
    <meshstandardmaterial
      color="white"
      emissive="white"
      emissiveintensity="1"
    />
  </mesh>
  <pointlight
    color="white"
    decay="2"
    distance="2"
    intensity="2.5"
  />
  <mesh
    position="-2.2953050821224106,1.4868568418628634,2.7394347195613693"
  >
    <meshstandardmaterial
      color="white"
      emissive="white"
      emissiveintensity="1"
    />
  </mesh>
  <pointlight
    color="white"
    decay="2"
    distance="2"
    intensity="2.5"
  />
  <mesh
    position="2.2185509044079224,2.1352285158935524,-0.3027974628342771"
  >
    <meshstandardmaterial
      color="white"
      emissive="white"
      emissiveintensity="1"
    />
  </mesh>
  <pointlight
    color="white"
    decay="2"
    distance="2"
    intensity="2.5"
  />
  <mesh
    position="2.7583567976460377,-0.6902137382409461,-2.391405660309912"
  >
    <meshstandardmaterial
      color="white"
      emissive="white"
      emissiveintensity="1"
    />
  </mesh>
  <pointlight
    color="white"
    decay="2"
    distance="2"
    intensity="2.5"
  />
  <mesh
    position="-0.7737014940920655,-0.013598044530601427,-0.8533405233033489"
  >
    <meshstandardmaterial
      color="white"
      emissive="white"
      emissiveintensity="1"
    />
  </mesh>
  <pointlight
    color="white"
    decay="2"
    distance="2"
    intensity="2.5"
  />
</div>
`;
